Executed command: sdr elist
Output:
UID              | AEh | ok  | 23.1 | 
SysHealth_Stat   | ACh | ok  | 23.1 | Transition to OK
01-Inlet Ambient | A2h | ok  | 55.1 | 20 degrees C
02-CPU 1         | 02h | ok  |  3.1 | 40 degrees C
03-CPU 2         | 03h | ok  |  3.2 | 40 degrees C
04-P1 DIMM 1-8   | 24h | ok  | 32.11 | 28 degrees C
05-P1 PMM 1-8    | FEh | ns  |  7.1 | Disabled
06-P1 DIMM 9-16  | 25h | ok  | 32.12 | 28 degrees C
07-P1 PMM 9-16   | FDh | ns  |  7.1 | Disabled
08-P2 DIMM 1-8   | 26h | ok  | 32.13 | 27 degrees C
09-P2 PMM 1-8    | FCh | ns  |  7.1 | Disabled
10-P2 DIMM 9-16  | 27h | ok  | 32.14 | 29 degrees C
11-P2 PMM 9-16   | FBh | ns  |  7.1 | Disabled
12-VR P1         | 0Ah | ok  | 20.1 | 37 degrees C
13-VR P2         | 0Bh | ok  | 20.2 | 35 degrees C
14-VR P1 Mem 1   | 61h | ok  | 20.21 | 23 degrees C
15-VR P1 Mem 2   | 62h | ok  | 20.22 | 24 degrees C
16-VR P2 Mem 1   | 63h | ok  | 20.23 | 24 degrees C
17-VR P2 Mem 2   | 64h | ok  | 20.24 | 23 degrees C
18-Chipset       | A4h | ok  |  7.1 | 40 degrees C
19-BMC           | FAh | ok  |  7.1 | 61 degrees C
20-HD Max        | 97h | ok  |  4.2 | 40 degrees C
21-Exp Bay Drive | 96h | ns  |  4.1 | Disabled
22-Stor Batt     | BFh | ok  | 40.1 | 21 degrees C
23-E-Fuse        | F9h | ok  |  7.1 | 33 degrees C
24-P/S 1         | 43h | ok  | 10.1 | 40 degrees C
25-P/S 1 Inlet   | 4Bh | ok  | 10.1 | 25 degrees C
26-P/S 2         | 44h | ok  | 10.2 | 40 degrees C
27-P/S 2 Inlet   | 4Ch | ok  | 10.2 | 28 degrees C
29-LOM Card      | B5h | ok  | 11.4 | 40 degrees C
30-HD Controller | B3h | ok  | 11.1 | 46 degrees C
31-HD Cntlr Zone | F8h | ok  |  7.1 | 46 degrees C
32-Board Inlet   | F7h | ok  |  7.1 | 23 degrees C
33-BMC Zone      | F6h | ok  |  7.1 | 35 degrees C
34-P/S 2 Zone    | F5h | ok  |  7.1 | 30 degrees C
35-I/O Zone      | F4h | ok  |  7.1 | 33 degrees C
36-Battery Zone  | F3h | ok  |  7.1 | 33 degrees C
37-PCI 1         | 84h | ns  | 49.1 | Disabled
38-PCI 1 Zone    | F2h | ok  |  7.1 | 28 degrees C
39-PCI 2         | 85h | ns  | 49.2 | Disabled
40-PCI 2 Zone    | F1h | ok  |  7.1 | 29 degrees C
41-PCI 3         | 86h | ns  | 49.3 | Disabled
42-PCI 3 Zone    | F0h | ok  |  7.1 | 29 degrees C
43-PCI 4         | 87h | ns  | 49.4 | Disabled
44-PCI 4 Zone    | EFh | ns  |  7.1 | Disabled
45-PCI 5         | 88h | ns  | 49.5 | Disabled
46-PCI 5 Zone    | EEh | ns  |  7.1 | Disabled
47-PCI 6         | 89h | ns  | 49.6 | Disabled
48-PCI 6 Zone    | EDh | ns  |  7.1 | Disabled
49-PCI 7         | 8Ah | ns  | 49.7 | Disabled
50-PCI 7 Zone    | ECh | ns  |  7.1 | Disabled
51-PCI 8         | 8Bh | ns  | 49.8 | Disabled
52-PCI 8 Zone    | EBh | ns  |  7.1 | Disabled
54-Mid HD Max    | 98h | ns  |  4.3 | Disabled
55-Rear HD Max   | EAh | ns  |  7.1 | Disabled
56-AHCI HD Max   | E9h | ns  |  7.1 | Disabled
58-CPU 1 PkgTmp  | E8h | ok  |  7.1 | 31 degrees C
59-CPU 2 PkgTmp  | E7h | ok  |  7.1 | 33 degrees C
63-Exp Bay Rear  | E6h | ns  |  7.1 | Disabled
Fan 1            | 03h | ok  | 29.1 | Transition to OK
Fan 1 DutyCycle  | 01h | ok  | 29.1 | 11.76 percent
Fan 1 Presence   | 02h | ok  | 29.1 | Device Present
Fan 2            | 06h | ok  | 29.2 | Transition to OK
Fan 2 DutyCycle  | 04h | ok  | 29.2 | 11.76 percent
Fan 2 Presence   | 05h | ok  | 29.2 | Device Present
Fan 3            | 09h | ok  | 29.3 | Transition to OK
Fan 3 DutyCycle  | 07h | ok  | 29.3 | 11.76 percent
Fan 3 Presence   | 08h | ok  | 29.3 | Device Present
Fan 4            | 0Ch | ok  | 29.4 | Transition to OK
Fan 4 DutyCycle  | 0Ah | ok  | 29.4 | 11.76 percent
Fan 4 Presence   | 0Bh | ok  | 29.4 | Device Present
Fan 5            | 0Fh | ok  | 29.5 | Transition to OK
Fan 5 DutyCycle  | 0Dh | ok  | 29.5 | 11.76 percent
Fan 5 Presence   | 0Eh | ok  | 29.5 | Device Present
Fan 6            | 12h | ok  | 29.6 | Transition to OK
Fan 6 DutyCycle  | 10h | ok  | 29.6 | 11.76 percent
Fan 6 Presence   | 11h | ok  | 29.6 | Device Present
Power Supply 1   | 32h | ok  | 10.1 | Presence detected
PS 1 Input       | 3Ah | ok  | 10.1 | 50 Watts
Power Supply 2   | 33h | ok  | 10.2 | Presence detected
PS 2 Input       | 3Bh | ok  | 10.2 | 75 Watts
Power Meter      | B6h | ok  |  7.1 | 125 Watts
Fans             | 31h | ok  | 30.1 | Fully Redundant
Power Supplies   | 42h | ok  | 19.1 | Fully Redundant
CPU Utilization  | 23h | ok  |  3.1 | 0 unspecified
Megacell Status  | BBh | ok  | 40.1 | Presence Detected
Memory Status    | 48h | ok  | 32.0 | Presence Detected
Intrusion        | ABh | ns  | 23.1 | Disabled
PS 1 Output      | D0h | ok  | 10.1 | 40 Watts
PS_Volt_Out_01   | D1h | ok  | 10.1 | 12 Volts
PS_Volt_In_01    | D2h | ok  | 10.1 | 117 Volts
PS_Curr_Out_01   | D3h | ok  | 10.1 | 3.50 Amps
PS_Curr_In_01    | D4h | ok  | 10.1 | 0.40 Amps
PS 2 Output      | D5h | ok  | 10.2 | 75 Watts
PS_Volt_Out_02   | D6h | ok  | 10.2 | 12 Volts
PS_Volt_In_02    | D7h | ok  | 10.2 | 117 Volts
PS_Curr_Out_02   | D8h | ok  | 10.2 | 6.50 Amps
PS_Curr_In_02    | D9h | ok  | 10.2 | 0.60 Amps
29-LOM Card-CORE | D0h | ok  | 48.1 | 45 degrees C
30-HD Controller | D1h | ok  | 48.1 | 61 degrees C
NIC_Link_10P1    | 01h | ok  | 44.97 | Heartbeat
NIC_Link_10P2    | 02h | ns  | 44.98 | Disabled
NIC_Link_10P3    | 03h | ns  | 44.99 | Disabled
NIC_Link_10P4    | 04h | ns  | 44.100 | Disabled
CPU_Stat_C1      | 12h | ok  |  3.1 | Presence detected
CPU_Stat_C2      | 13h | ok  |  3.2 | Presence detected

Executed command: sdr elist
Output:
UID              | AEh | ok  | 23.1 | 
SysHealth_Stat   | ACh | ok  | 23.1 | Transition to OK
01-Inlet Ambient | A2h | ok  | 55.1 | 21 degrees C
02-CPU 1         | 02h | ok  |  3.1 | 40 degrees C
03-CPU 2         | 03h | ok  |  3.2 | 40 degrees C
04-P1 DIMM 1-8   | 24h | ok  | 32.11 | 28 degrees C
05-P1 PMM 1-8    | FEh | ns  |  7.1 | Disabled
06-P1 DIMM 9-16  | 25h | ok  | 32.12 | 28 degrees C
07-P1 PMM 9-16   | FDh | ns  |  7.1 | Disabled
08-P2 DIMM 1-8   | 26h | ok  | 32.13 | 27 degrees C
09-P2 PMM 1-8    | FCh | ns  |  7.1 | Disabled
10-P2 DIMM 9-16  | 27h | ok  | 32.14 | 29 degrees C
11-P2 PMM 9-16   | FBh | ns  |  7.1 | Disabled
12-VR P1         | 0Ah | ok  | 20.1 | 37 degrees C
13-VR P2         | 0Bh | ok  | 20.2 | 35 degrees C
14-VR P1 Mem 1   | 61h | ok  | 20.21 | 23 degrees C
15-VR P1 Mem 2   | 62h | ok  | 20.22 | 24 degrees C
16-VR P2 Mem 1   | 63h | ok  | 20.23 | 24 degrees C
17-VR P2 Mem 2   | 64h | ok  | 20.24 | 24 degrees C
18-Chipset       | A4h | ok  |  7.1 | 40 degrees C
19-BMC           | FAh | ok  |  7.1 | 61 degrees C
20-HD Max        | 97h | ok  |  4.2 | 40 degrees C
21-Exp Bay Drive | 96h | ns  |  4.1 | Disabled
22-Stor Batt     | BFh | ok  | 40.1 | 21 degrees C
23-E-Fuse        | F9h | ok  |  7.1 | 33 degrees C
24-P/S 1         | 43h | ok  | 10.1 | 40 degrees C
25-P/S 1 Inlet   | 4Bh | ok  | 10.1 | 25 degrees C
26-P/S 2         | 44h | ok  | 10.2 | 40 degrees C
27-P/S 2 Inlet   | 4Ch | ok  | 10.2 | 28 degrees C
29-LOM Card      | B5h | ok  | 11.4 | 40 degrees C
30-HD Controller | B3h | ok  | 11.1 | 47 degrees C
31-HD Cntlr Zone | F8h | ok  |  7.1 | 46 degrees C
32-Board Inlet   | F7h | ok  |  7.1 | 23 degrees C
33-BMC Zone      | F6h | ok  |  7.1 | 35 degrees C
34-P/S 2 Zone    | F5h | ok  |  7.1 | 30 degrees C
35-I/O Zone      | F4h | ok  |  7.1 | 33 degrees C
36-Battery Zone  | F3h | ok  |  7.1 | 33 degrees C
37-PCI 1         | 84h | ns  | 49.1 | Disabled
38-PCI 1 Zone    | F2h | ok  |  7.1 | 28 degrees C
39-PCI 2         | 85h | ns  | 49.2 | Disabled
40-PCI 2 Zone    | F1h | ok  |  7.1 | 29 degrees C
41-PCI 3         | 86h | ns  | 49.3 | Disabled
42-PCI 3 Zone    | F0h | ok  |  7.1 | 29 degrees C
43-PCI 4         | 87h | ns  | 49.4 | Disabled
44-PCI 4 Zone    | EFh | ns  |  7.1 | Disabled
45-PCI 5         | 88h | ns  | 49.5 | Disabled
46-PCI 5 Zone    | EEh | ns  |  7.1 | Disabled
47-PCI 6         | 89h | ns  | 49.6 | Disabled
48-PCI 6 Zone    | EDh | ns  |  7.1 | Disabled
49-PCI 7         | 8Ah | ns  | 49.7 | Disabled
50-PCI 7 Zone    | ECh | ns  |  7.1 | Disabled
51-PCI 8         | 8Bh | ns  | 49.8 | Disabled
52-PCI 8 Zone    | EBh | ns  |  7.1 | Disabled
54-Mid HD Max    | 98h | ns  |  4.3 | Disabled
55-Rear HD Max   | EAh | ns  |  7.1 | Disabled
56-AHCI HD Max   | E9h | ns  |  7.1 | Disabled
58-CPU 1 PkgTmp  | E8h | ok  |  7.1 | 30 degrees C
59-CPU 2 PkgTmp  | E7h | ok  |  7.1 | 32 degrees C
63-Exp Bay Rear  | E6h | ns  |  7.1 | Disabled
Fan 1            | 03h | ok  | 29.1 | Transition to OK
Fan 1 DutyCycle  | 01h | ok  | 29.1 | 11.76 percent
Fan 1 Presence   | 02h | ok  | 29.1 | Device Present
Fan 2            | 06h | ok  | 29.2 | Transition to OK
Fan 2 DutyCycle  | 04h | ok  | 29.2 | 11.76 percent
Fan 2 Presence   | 05h | ok  | 29.2 | Device Present
Fan 3            | 09h | ok  | 29.3 | Transition to OK
Fan 3 DutyCycle  | 07h | ok  | 29.3 | 11.76 percent
Fan 3 Presence   | 08h | ok  | 29.3 | Device Present
Fan 4            | 0Ch | ok  | 29.4 | Transition to OK
Fan 4 DutyCycle  | 0Ah | ok  | 29.4 | 11.76 percent
Fan 4 Presence   | 0Bh | ok  | 29.4 | Device Present
Fan 5            | 0Fh | ok  | 29.5 | Transition to OK
Fan 5 DutyCycle  | 0Dh | ok  | 29.5 | 11.76 percent
Fan 5 Presence   | 0Eh | ok  | 29.5 | Device Present
Fan 6            | 12h | ok  | 29.6 | Transition to OK
Fan 6 DutyCycle  | 10h | ok  | 29.6 | 11.76 percent
Fan 6 Presence   | 11h | ok  | 29.6 | Device Present
Power Supply 1   | 32h | ok  | 10.1 | Presence detected
PS 1 Input       | 3Ah | ok  | 10.1 | 65 Watts
Power Supply 2   | 33h | ok  | 10.2 | Presence detected
PS 2 Input       | 3Bh | ok  | 10.2 | 70 Watts
Power Meter      | B6h | ok  |  7.1 | 130 Watts
Fans             | 31h | ok  | 30.1 | Fully Redundant
Power Supplies   | 42h | ok  | 19.1 | Fully Redundant
CPU Utilization  | 23h | ok  |  3.1 | 0 unspecified
Megacell Status  | BBh | ok  | 40.1 | Presence Detected
Memory Status    | 48h | ok  | 32.0 | Presence Detected
Intrusion        | ABh | ns  | 23.1 | Disabled
PS 1 Output      | D0h | ok  | 10.1 | 40 Watts
PS_Volt_Out_01   | D1h | ok  | 10.1 | 12 Volts
PS_Volt_In_01    | D2h | ok  | 10.1 | 117 Volts
PS_Curr_Out_01   | D3h | ok  | 10.1 | 3.50 Amps
PS_Curr_In_01    | D4h | ok  | 10.1 | 0.40 Amps
PS 2 Output      | D5h | ok  | 10.2 | 75 Watts
PS_Volt_Out_02   | D6h | ok  | 10.2 | 12 Volts
PS_Volt_In_02    | D7h | ok  | 10.2 | 117 Volts
PS_Curr_Out_02   | D8h | ok  | 10.2 | 6.50 Amps
PS_Curr_In_02    | D9h | ok  | 10.2 | 0.60 Amps
29-LOM Card-CORE | D0h | ok  | 48.1 | 45 degrees C
30-HD Controller | D1h | ok  | 48.1 | 62 degrees C
NIC_Link_10P1    | 01h | ok  | 44.97 | Heartbeat
NIC_Link_10P2    | 02h | ns  | 44.98 | Disabled
NIC_Link_10P3    | 03h | ns  | 44.99 | Disabled
NIC_Link_10P4    | 04h | ns  | 44.100 | Disabled
CPU_Stat_C1      | 12h | ok  |  3.1 | Presence detected
CPU_Stat_C2      | 13h | ok  |  3.2 | Presence detected

